Mplus VERSION 8.3 (Mac)
MUTHEN & MUTHEN
05/03/2026  12:06 AM

INPUT INSTRUCTIONS

  TITLE:
  Experiences of Discrimination CFA;
  DATA:
  FILE = "discrim_cfa.dat";
  VARIABLE:
  NAMES = Discrim1 Discrim2 Discrim3 Discrim4 Discrim5;
   MISSING=.;
   usevar =
      Discrim1-Discrim5;
  ANALYSIS:
  estimator = MLR;
      processors = 20;
  MODEL:
  discrim by Discrim1-Discrim5; ! *free factor loading
      discrim by Discrim1@1;
  OUTPUT:
  sampstat standardized;
  PLOT:
  type=plot2;



INPUT READING TERMINATED NORMALLY




Experiences of Discrimination CFA;

SUMMARY OF ANALYSIS

Number of groups                                                 1
Number of observations                                        2266

Number of dependent variables                                    5
Number of independent variables                                  0
Number of continuous latent variables                            1

Observed dependent variables

  Continuous
   DISCRIM1    DISCRIM2    DISCRIM3    DISCRIM4    DISCRIM5

Continuous latent variables
   DISCRIM


Estimator                                                      MLR
Information matrix                                        OBSERVED
Maximum number of iterations                                  1000
Convergence criterion                                    0.500D-04
Maximum number of steepest descent iterations                   20
Maximum number of iterations for H1                           2000
Convergence criterion for H1                             0.100D-03

Input data file(s)
  discrim_cfa.dat

Input data format  FREE


SUMMARY OF DATA

     Number of missing data patterns             1


COVARIANCE COVERAGE OF DATA

Minimum covariance coverage value   0.100


     PROPORTION OF DATA PRESENT


           Covariance Coverage
              DISCRIM1      DISCRIM2      DISCRIM3      DISCRIM4      DISCRIM5
              ________      ________      ________      ________      ________
 DISCRIM1       1.000
 DISCRIM2       1.000         1.000
 DISCRIM3       1.000         1.000         1.000
 DISCRIM4       1.000         1.000         1.000         1.000
 DISCRIM5       1.000         1.000         1.000         1.000         1.000


SAMPLE STATISTICS


     ESTIMATED SAMPLE STATISTICS


           Means
              DISCRIM1      DISCRIM2      DISCRIM3      DISCRIM4      DISCRIM5
              ________      ________      ________      ________      ________
                1.371         1.429         1.282         1.302         1.312


           Covariances
              DISCRIM1      DISCRIM2      DISCRIM3      DISCRIM4      DISCRIM5
              ________      ________      ________      ________      ________
 DISCRIM1       0.573
 DISCRIM2       0.341         0.587
 DISCRIM3       0.290         0.391         0.438
 DISCRIM4       0.265         0.310         0.309         0.470
 DISCRIM5       0.273         0.351         0.343         0.319         0.470


           Correlations
              DISCRIM1      DISCRIM2      DISCRIM3      DISCRIM4      DISCRIM5
              ________      ________      ________      ________      ________
 DISCRIM1       1.000
 DISCRIM2       0.588         1.000
 DISCRIM3       0.579         0.770         1.000
 DISCRIM4       0.510         0.590         0.681         1.000
 DISCRIM5       0.526         0.667         0.755         0.679         1.000


     MAXIMUM LOG-LIKELIHOOD VALUE FOR THE UNRESTRICTED (H1) MODEL IS -8731.830


UNIVARIATE SAMPLE STATISTICS


     UNIVARIATE HIGHER-ORDER MOMENT DESCRIPTIVE STATISTICS

         Variable/         Mean/     Skewness/   Minimum/ % with                Percentiles
        Sample Size      Variance    Kurtosis    Maximum  Min/Max      20%/60%    40%/80%    Median

     DISCRIM1              1.371       2.545       1.000   74.45%       1.000      1.000      1.000
            2266.000       0.573       7.145       5.000    1.24%       1.000      2.000
     DISCRIM2              1.429       2.184       1.000   69.20%       1.000      1.000      1.000
            2266.000       0.587       5.357       5.000    1.06%       1.000      2.000
     DISCRIM3              1.282       2.822       1.000   80.41%       1.000      1.000      1.000
            2266.000       0.438       8.746       5.000    0.53%       1.000      1.000
     DISCRIM4              1.302       2.749       1.000   79.13%       1.000      1.000      1.000
            2266.000       0.470       8.299       5.000    0.66%       1.000      2.000
     DISCRIM5              1.312       2.684       1.000   78.02%       1.000      1.000      1.000
            2266.000       0.470       8.133       5.000    0.75%       1.000      2.000


THE MODEL ESTIMATION TERMINATED NORMALLY



MODEL FIT INFORMATION

Number of Free Parameters                       15

Loglikelihood

          H0 Value                       -8795.979
          H0 Scaling Correction Factor      3.4182
            for MLR
          H1 Value                       -8731.830
          H1 Scaling Correction Factor      3.2309
            for MLR

Information Criteria

          Akaike (AIC)                   17621.959
          Bayesian (BIC)                 17707.845
          Sample-Size Adjusted BIC       17660.188
            (n* = (n + 2) / 24)

Chi-Square Test of Model Fit

          Value                             48.071*
          Degrees of Freedom                     5
          P-Value                           0.0000
          Scaling Correction Factor         2.6690
            for MLR

*   The chi-square value for MLM, MLMV, MLR, ULSMV, WLSM and WLSMV cannot be used
    for chi-square difference testing in the regular way.  MLM, MLR and WLSM
    chi-square difference testing is described on the Mplus website.  MLMV, WLSMV,
    and ULSMV difference testing is done using the DIFFTEST option.

RMSEA (Root Mean Square Error Of Approximation)

          Estimate                           0.062
          90 Percent C.I.                    0.046  0.078
          Probability RMSEA <= .05           0.100

CFI/TLI

          CFI                                0.978
          TLI                                0.955

Chi-Square Test of Model Fit for the Baseline Model

          Value                           1937.091
          Degrees of Freedom                    10
          P-Value                           0.0000

SRMR (Standardized Root Mean Square Residual)

          Value                              0.019



MODEL RESULTS

                                                    Two-Tailed
                    Estimate       S.E.  Est./S.E.    P-Value

 DISCRIM  BY
    DISCRIM1           1.000      0.000    999.000    999.000
    DISCRIM2           1.283      0.063     20.378      0.000
    DISCRIM3           1.216      0.063     19.303      0.000
    DISCRIM4           1.047      0.061     17.113      0.000
    DISCRIM5           1.149      0.065     17.797      0.000

 Intercepts
    DISCRIM1           1.371      0.016     86.191      0.000
    DISCRIM2           1.429      0.016     88.775      0.000
    DISCRIM3           1.282      0.014     92.196      0.000
    DISCRIM4           1.302      0.014     90.373      0.000
    DISCRIM5           1.312      0.014     91.125      0.000

 Variances
    DISCRIM            0.246      0.027      9.022      0.000

 Residual Variances
    DISCRIM1           0.327      0.028     11.508      0.000
    DISCRIM2           0.183      0.016     11.642      0.000
    DISCRIM3           0.075      0.008      9.826      0.000
    DISCRIM4           0.201      0.019     10.614      0.000
    DISCRIM5           0.145      0.012     11.792      0.000


STANDARDIZED MODEL RESULTS


STDYX Standardization

                                                    Two-Tailed
                    Estimate       S.E.  Est./S.E.    P-Value

 DISCRIM  BY
    DISCRIM1           0.655      0.028     23.270      0.000
    DISCRIM2           0.830      0.015     55.292      0.000
    DISCRIM3           0.911      0.011     85.995      0.000
    DISCRIM4           0.757      0.024     31.351      0.000
    DISCRIM5           0.831      0.017     49.465      0.000

 Intercepts
    DISCRIM1           1.811      0.041     43.723      0.000
    DISCRIM2           1.865      0.038     48.702      0.000
    DISCRIM3           1.937      0.050     38.916      0.000
    DISCRIM4           1.899      0.047     40.173      0.000
    DISCRIM5           1.914      0.048     40.172      0.000

 Variances
    DISCRIM            1.000      0.000    999.000    999.000

 Residual Variances
    DISCRIM1           0.571      0.037     15.498      0.000
    DISCRIM2           0.311      0.025     12.482      0.000
    DISCRIM3           0.171      0.019      8.855      0.000
    DISCRIM4           0.427      0.037     11.684      0.000
    DISCRIM5           0.309      0.028     11.082      0.000


STDY Standardization

                                                    Two-Tailed
                    Estimate       S.E.  Est./S.E.    P-Value

 DISCRIM  BY
    DISCRIM1           0.655      0.028     23.270      0.000
    DISCRIM2           0.830      0.015     55.292      0.000
    DISCRIM3           0.911      0.011     85.995      0.000
    DISCRIM4           0.757      0.024     31.351      0.000
    DISCRIM5           0.831      0.017     49.465      0.000

 Intercepts
    DISCRIM1           1.811      0.041     43.723      0.000
    DISCRIM2           1.865      0.038     48.702      0.000
    DISCRIM3           1.937      0.050     38.916      0.000
    DISCRIM4           1.899      0.047     40.173      0.000
    DISCRIM5           1.914      0.048     40.172      0.000

 Variances
    DISCRIM            1.000      0.000    999.000    999.000

 Residual Variances
    DISCRIM1           0.571      0.037     15.498      0.000
    DISCRIM2           0.311      0.025     12.482      0.000
    DISCRIM3           0.171      0.019      8.855      0.000
    DISCRIM4           0.427      0.037     11.684      0.000
    DISCRIM5           0.309      0.028     11.082      0.000


STD Standardization

                                                    Two-Tailed
                    Estimate       S.E.  Est./S.E.    P-Value

 DISCRIM  BY
    DISCRIM1           0.496      0.027     18.044      0.000
    DISCRIM2           0.636      0.024     26.757      0.000
    DISCRIM3           0.603      0.025     24.337      0.000
    DISCRIM4           0.519      0.027     19.204      0.000
    DISCRIM5           0.570      0.026     21.647      0.000

 Intercepts
    DISCRIM1           1.371      0.016     86.191      0.000
    DISCRIM2           1.429      0.016     88.775      0.000
    DISCRIM3           1.282      0.014     92.196      0.000
    DISCRIM4           1.302      0.014     90.373      0.000
    DISCRIM5           1.312      0.014     91.125      0.000

 Variances
    DISCRIM            1.000      0.000    999.000    999.000

 Residual Variances
    DISCRIM1           0.327      0.028     11.508      0.000
    DISCRIM2           0.183      0.016     11.642      0.000
    DISCRIM3           0.075      0.008      9.826      0.000
    DISCRIM4           0.201      0.019     10.614      0.000
    DISCRIM5           0.145      0.012     11.792      0.000


R-SQUARE

    Observed                                        Two-Tailed
    Variable        Estimate       S.E.  Est./S.E.    P-Value

    DISCRIM1           0.429      0.037     11.635      0.000
    DISCRIM2           0.689      0.025     27.646      0.000
    DISCRIM3           0.829      0.019     42.998      0.000
    DISCRIM4           0.573      0.037     15.676      0.000
    DISCRIM5           0.691      0.028     24.732      0.000


QUALITY OF NUMERICAL RESULTS

     Condition Number for the Information Matrix              0.319E-02
       (ratio of smallest to largest eigenvalue)


PLOT INFORMATION

The following plots are available:

  No plots are available

     Beginning Time:  00:06:49
        Ending Time:  00:06:49
       Elapsed Time:  00:00:00



MUTHEN & MUTHEN
3463 Stoner Ave.
Los Angeles, CA  90066

Tel: (310) 391-9971
Fax: (310) 391-8971
Web: www.StatModel.com
Support: Support@StatModel.com

Copyright (c) 1998-2019 Muthen & Muthen
